// Jest Snapshot v1, https://goo.gl/fbAQLP

exports[`WithFilmsList is rendered correctly 1`] = `null`;
