// Jest Snapshot v1, https://goo.gl/fbAQLP

exports[`Should ShowMoreBtn render correctly Should showMoreBtnComponent render correctly 1`] = `null`;
